// Jest Snapshot v1, https://goo.gl/fbAQLP

exports[`e2e parser tests reads a series of lines and creates an ast 1`] = `
Array [
  Object {
    "State": undefined,
    "children": Array [
      Object {
        "content": Array [
          Object {
            "text": "I think this is pretty cool",
            "type": "text",
          },
        ],
        "index": 1,
        "type": "section",
      },
      Object {
        "State": undefined,
        "children": Array [
          Object {
            "content": Array [
              Object {
                "text": "super super super cool",
                "type": "text",
              },
            ],
            "index": 3,
            "type": "section",
          },
        ],
        "content": Array [
          Object {
            "text": "yea this is super cool",
            "type": "text",
          },
        ],
        "index": 2,
        "level": 2,
        "priority": undefined,
        "tags": undefined,
        "type": "headline",
      },
      Object {
        "State": undefined,
        "children": Array [
          Object {
            "content": Array [
              Object {
                "text": "super super super cool",
                "type": "text",
              },
            ],
            "index": 5,
            "type": "section",
          },
        ],
        "content": Array [
          Object {
            "text": "yea this is super cool",
            "type": "text",
          },
        ],
        "index": 4,
        "level": 2,
        "priority": undefined,
        "tags": undefined,
        "type": "headline",
      },
      Object {
        "State": undefined,
        "children": Array [
          Object {
            "content": Array [
              Object {
                "text": "super super super cool",
                "type": "text",
              },
            ],
            "index": 7,
            "type": "section",
          },
        ],
        "content": Array [
          Object {
            "text": "yea this is super cool",
            "type": "text",
          },
        ],
        "index": 6,
        "level": 2,
        "priority": undefined,
        "tags": undefined,
        "type": "headline",
      },
      Object {
        "State": undefined,
        "children": Array [
          Object {
            "content": Array [
              Object {
                "text": "super super super cool",
                "type": "text",
              },
            ],
            "index": 9,
            "type": "section",
          },
        ],
        "content": Array [
          Object {
            "text": "yea this is super cool",
            "type": "text",
          },
        ],
        "index": 8,
        "level": 2,
        "priority": undefined,
        "tags": undefined,
        "type": "headline",
      },
      Object {
        "State": undefined,
        "children": Array [
          Object {
            "content": Array [
              Object {
                "text": "super super super cool",
                "type": "text",
              },
            ],
            "index": 11,
            "type": "section",
          },
        ],
        "content": Array [
          Object {
            "text": "yea this is super cool",
            "type": "text",
          },
        ],
        "index": 10,
        "level": 2,
        "priority": undefined,
        "tags": undefined,
        "type": "headline",
      },
      Object {
        "State": undefined,
        "children": Array [
          Object {
            "content": Array [
              Object {
                "text": "super super super cool",
                "type": "text",
              },
            ],
            "index": 13,
            "type": "section",
          },
        ],
        "content": Array [
          Object {
            "text": "yea this is super cool",
            "type": "text",
          },
        ],
        "index": 12,
        "level": 2,
        "priority": undefined,
        "tags": undefined,
        "type": "headline",
      },
      Object {
        "State": undefined,
        "children": Array [
          Object {
            "content": Array [
              Object {
                "text": "super super super cool",
                "type": "text",
              },
            ],
            "index": 15,
            "type": "section",
          },
        ],
        "content": Array [
          Object {
            "text": "yea this is super cool",
            "type": "text",
          },
        ],
        "index": 14,
        "level": 2,
        "priority": undefined,
        "tags": undefined,
        "type": "headline",
      },
    ],
    "content": Array [
      Object {
        "text": "This is a test",
        "type": "text",
      },
    ],
    "index": 0,
    "level": 1,
    "priority": undefined,
    "tags": undefined,
    "type": "headline",
  },
  Object {
    "State": "TODO",
    "children": Array [
      Object {
        "content": Array [
          Object {
            "text": "super super super cool",
            "type": "text",
          },
        ],
        "index": 17,
        "type": "section",
      },
      Object {
        "State": undefined,
        "children": Array [
          Object {
            "content": Array [
              Object {
                "text": "super super super cool",
                "type": "text",
              },
            ],
            "index": 19,
            "type": "section",
          },
        ],
        "content": Array [
          Object {
            "text": "yea this is super cool",
            "type": "text",
          },
        ],
        "index": 18,
        "level": 2,
        "priority": undefined,
        "tags": undefined,
        "type": "headline",
      },
      Object {
        "State": undefined,
        "children": Array [
          Object {
            "content": Array [
              Object {
                "text": "super super super cool",
                "type": "text",
              },
            ],
            "index": 21,
            "type": "section",
          },
        ],
        "content": Array [
          Object {
            "text": "yea this is super cool",
            "type": "text",
          },
        ],
        "index": 20,
        "level": 2,
        "priority": undefined,
        "tags": undefined,
        "type": "headline",
      },
      Object {
        "State": undefined,
        "children": Array [
          Object {
            "content": Array [
              Object {
                "text": "super super super cool",
                "type": "text",
              },
            ],
            "index": 23,
            "type": "section",
          },
        ],
        "content": Array [
          Object {
            "text": "yea this is super cool",
            "type": "text",
          },
        ],
        "index": 22,
        "level": 2,
        "priority": undefined,
        "tags": undefined,
        "type": "headline",
      },
    ],
    "content": Array [
      Object {
        "text": "level 1",
        "type": "text",
      },
    ],
    "index": 16,
    "level": 1,
    "priority": undefined,
    "tags": undefined,
    "type": "headline",
  },
  Object {
    "State": undefined,
    "children": Array [
      Object {
        "content": Array [
          Object {
            "text": "super super super cool",
            "type": "text",
          },
        ],
        "index": 25,
        "type": "section",
      },
      Object {
        "State": undefined,
        "children": Array [
          Object {
            "content": Array [
              Object {
                "text": "super super super cool",
                "type": "text",
              },
            ],
            "index": 27,
            "type": "section",
          },
        ],
        "content": Array [
          Object {
            "text": "yea this is super cool",
            "type": "text",
          },
        ],
        "index": 26,
        "level": 2,
        "priority": undefined,
        "tags": undefined,
        "type": "headline",
      },
      Object {
        "State": undefined,
        "children": Array [
          Object {
            "content": Array [
              Object {
                "text": "super super super cool",
                "type": "text",
              },
            ],
            "index": 29,
            "type": "section",
          },
        ],
        "content": Array [
          Object {
            "text": "yea this is super cool",
            "type": "text",
          },
        ],
        "index": 28,
        "level": 2,
        "priority": undefined,
        "tags": undefined,
        "type": "headline",
      },
      Object {
        "State": undefined,
        "children": Array [
          Object {
            "content": Array [
              Object {
                "text": "super super super cool",
                "type": "text",
              },
            ],
            "index": 31,
            "type": "section",
          },
        ],
        "content": Array [
          Object {
            "text": "yea this is super cool",
            "type": "text",
          },
        ],
        "index": 30,
        "level": 2,
        "priority": undefined,
        "tags": undefined,
        "type": "headline",
      },
      Object {
        "State": undefined,
        "children": Array [
          Object {
            "content": Array [
              Object {
                "text": "super super super cool",
                "type": "text",
              },
            ],
            "index": 33,
            "type": "section",
          },
        ],
        "content": Array [
          Object {
            "text": "yea this is super cool",
            "type": "text",
          },
        ],
        "index": 32,
        "level": 2,
        "priority": undefined,
        "tags": undefined,
        "type": "headline",
      },
      Object {
        "State": undefined,
        "children": Array [
          Object {
            "content": Array [
              Object {
                "text": "super super super cool",
                "type": "text",
              },
            ],
            "index": 35,
            "type": "section",
          },
        ],
        "content": Array [
          Object {
            "text": "yea this is super cool",
            "type": "text",
          },
        ],
        "index": 34,
        "level": 2,
        "priority": undefined,
        "tags": undefined,
        "type": "headline",
      },
      Object {
        "State": undefined,
        "children": Array [
          Object {
            "content": Array [
              Object {
                "text": "super super super cool",
                "type": "text",
              },
            ],
            "index": 37,
            "type": "section",
          },
        ],
        "content": Array [
          Object {
            "text": "yea this is super cool",
            "type": "text",
          },
        ],
        "index": 36,
        "level": 2,
        "priority": undefined,
        "tags": undefined,
        "type": "headline",
      },
    ],
    "content": Array [
      Object {
        "text": "yea this is super cool",
        "type": "text",
      },
    ],
    "index": 24,
    "level": 1,
    "priority": undefined,
    "tags": undefined,
    "type": "headline",
  },
  Object {
    "State": undefined,
    "children": Array [
      Object {
        "content": Array [
          Object {
            "text": "super super super cool",
            "type": "text",
          },
        ],
        "index": 39,
        "type": "section",
      },
      Object {
        "State": undefined,
        "children": Array [
          Object {
            "content": Array [
              Object {
                "text": "super super super cool",
                "type": "text",
              },
            ],
            "index": 41,
            "type": "section",
          },
        ],
        "content": Array [
          Object {
            "text": "yea this is super cool",
            "type": "text",
          },
        ],
        "index": 40,
        "level": 2,
        "priority": undefined,
        "tags": undefined,
        "type": "headline",
      },
      Object {
        "State": undefined,
        "children": Array [
          Object {
            "content": Array [
              Object {
                "text": "super super super cool",
                "type": "text",
              },
            ],
            "index": 43,
            "type": "section",
          },
        ],
        "content": Array [
          Object {
            "text": "yea this is super cool",
            "type": "text",
          },
        ],
        "index": 42,
        "level": 2,
        "priority": undefined,
        "tags": undefined,
        "type": "headline",
      },
      Object {
        "State": undefined,
        "children": Array [
          Object {
            "content": Array [
              Object {
                "text": "super super super cool",
                "type": "text",
              },
            ],
            "index": 45,
            "type": "section",
          },
        ],
        "content": Array [
          Object {
            "text": "yea this is super cool",
            "type": "text",
          },
        ],
        "index": 44,
        "level": 2,
        "priority": undefined,
        "tags": undefined,
        "type": "headline",
      },
      Object {
        "State": undefined,
        "children": Array [
          Object {
            "content": Array [
              Object {
                "text": "super super super cool",
                "type": "text",
              },
            ],
            "index": 47,
            "type": "section",
          },
        ],
        "content": Array [
          Object {
            "text": "yea this is super cool",
            "type": "text",
          },
        ],
        "index": 46,
        "level": 2,
        "priority": undefined,
        "tags": undefined,
        "type": "headline",
      },
    ],
    "content": Array [
      Object {
        "text": "level 1 headline",
        "type": "text",
      },
    ],
    "index": 38,
    "level": 1,
    "priority": undefined,
    "tags": undefined,
    "type": "headline",
  },
]
`;
