// Jest Snapshot v1, https://goo.gl/fbAQLP

exports[`add mode tests adds a new note when filling out all the fields and clicking the save button 1`] = `
<div>
  <div>
    <div
      class="makeStyles-root-1"
    >
      <header
        class="MuiPaper-root MuiPaper-elevation4 MuiAppBar-root MuiAppBar-positionStatic MuiAppBar-colorPrimary"
      >
        <div
          class="MuiToolbar-root MuiToolbar-regular MuiToolbar-gutters"
        >
          <button
            aria-label="Menu"
            class="MuiButtonBase-root MuiIconButton-root makeStyles-menuButton-2 MuiIconButton-colorInherit MuiIconButton-edgeStart"
            tabindex="0"
            title="toggle-file-explorer"
            type="button"
          >
            <span
              class="MuiIconButton-label"
            >
              <svg
                aria-hidden="true"
                class="MuiSvgIcon-root"
                focusable="false"
                role="presentation"
                viewBox="0 0 24 24"
              >
                <path
                  d="M0 0h24v24H0z"
                  fill="none"
                />
                <path
                  d="M3 18h18v-2H3v2zm0-5h18v-2H3v2zm0-7v2h18V6H3z"
                />
              </svg>
            </span>
            <span
              class="MuiTouchRipple-root"
            />
          </button>
          <h6
            class="MuiTypography-root makeStyles-title-3 MuiTypography-h6"
            data-testid="filename-titlebar"
          >
            Welcome to Weborg.org
          </h6>
          <svg
            aria-hidden="true"
            class="MuiSvgIcon-root"
            focusable="false"
            role="presentation"
            title="SettingsIcon"
            viewBox="0 0 24 24"
          >
            <path
              d="M0 0h24v24H0z"
              fill="none"
            />
            <path
              d="M12 8c1.1 0 2-.9 2-2s-.9-2-2-2-2 .9-2 2 .9 2 2 2zm0 2c-1.1 0-2 .9-2 2s.9 2 2 2 2-.9 2-2-.9-2-2-2zm0 6c-1.1 0-2 .9-2 2s.9 2 2 2 2-.9 2-2-.9-2-2-2z"
            />
          </svg>
        </div>
      </header>
    </div>
    <div
      class="sc-htoDjs juvQWM"
    >
      <div />
      <div
        class="sc-dnqmqq eBtaWY"
      >
        <div>
          <div
            class="sc-EHOje eTPHNx"
            style="color: rgb(113, 113, 113);"
          >
            <span>
              <span />
               
            </span>
          </div>
          <div
            class="sc-bdVaJa iAUazu"
            data-testid="headline"
            style="color: black;"
          >
            <div
              class="sc-bwzfXH fANwYr"
            >
              <div
                class="sc-htpNat KtFsv"
              >
                <div
                  style="margin-right: 5px;"
                >
                  <svg
                    height="16px"
                    width="16px"
                  >
                    <circle
                      cx="50%"
                      cy="50%"
                      r="4px"
                    />
                  </svg>
                </div>
              </div>
              <div
                class="sc-bxivhb eqfgSF"
              >
                <div>
                  <span>
                    <span>
                      Great Unix Tools
                    </span>
                     
                  </span>
                </div>
                <div>
                  <div
                    class="sc-bdVaJa iAUazu"
                    data-testid="headline"
                    style="color: black;"
                  >
                    <div
                      class="sc-bwzfXH fANwYr"
                    >
                      <div
                        class="sc-htpNat KtFsv"
                      >
                        <div
                          style="margin-right: 5px;"
                        >
                          <svg
                            height="16px"
                            width="16px"
                          >
                            <circle
                              cx="50%"
                              cy="50%"
                              r="4px"
                            />
                          </svg>
                        </div>
                      </div>
                      <div
                        class="sc-bxivhb eqfgSF"
                      >
                        <div>
                          <span>
                            <span>
                              rsync
                            </span>
                             
                          </span>
                        </div>
                        <div>
                          <div
                            class="sc-EHOje eTPHNx"
                            style="color: rgb(113, 113, 113);"
                          >
                            <span>
                              <span>
                                Copy a file with a progress bar
                              </span>
                               
                            </span>
                          </div>
                          <div
                            class="sc-EHOje eTPHNx"
                            style="color: rgb(113, 113, 113);"
                          >
                            <span>
                              <span>
                                sudo rsync --info=progress2 source dest
                              </span>
                               
                            </span>
                          </div>
                        </div>
                      </div>
                      <div
                        class="sc-ifAKCX hjKOjk"
                      >
                        <svg
                          height="16"
                          title="dash-collapse"
                          width="16"
                        >
                           
                          <line
                            style="stroke: black; stroke-width: 1.5;"
                            x1="8"
                            x2="16"
                            y1="8"
                            y2="8"
                          />
                           
                        </svg>
                      </div>
                    </div>
                  </div>
                  <div
                    class="sc-bdVaJa iAUazu"
                    data-testid="headline"
                    style="color: black;"
                  >
                    <div
                      class="sc-bwzfXH fANwYr"
                    >
                      <div
                        class="sc-htpNat KtFsv"
                      >
                        <div
                          style="margin-right: 5px;"
                        >
                          <svg
                            height="16px"
                            width="16px"
                          >
                            <circle
                              cx="50%"
                              cy="50%"
                              r="4px"
                            />
                          </svg>
                        </div>
                      </div>
                      <div
                        class="sc-bxivhb eqfgSF"
                      >
                        <div>
                          <span>
                            <span>
                              du - disk usage
                            </span>
                             
                          </span>
                        </div>
                        <div>
                          <div
                            class="sc-EHOje eTPHNx"
                            style="color: rgb(113, 113, 113);"
                          >
                            <span>
                              <span>
                                du -sh file_path
                              </span>
                               
                            </span>
                          </div>
                          <div
                            class="sc-EHOje eTPHNx"
                            style="color: rgb(113, 113, 113);"
                          >
                            <span>
                              <span>
                                -s : summarized
                              </span>
                               
                            </span>
                          </div>
                          <div
                            class="sc-EHOje eTPHNx"
                            style="color: rgb(113, 113, 113);"
                          >
                            <span>
                              <span>
                                -h : human readable
                              </span>
                               
                            </span>
                          </div>
                        </div>
                      </div>
                      <div
                        class="sc-ifAKCX hjKOjk"
                      >
                        <svg
                          height="16"
                          title="dash-collapse"
                          width="16"
                        >
                           
                          <line
                            style="stroke: black; stroke-width: 1.5;"
                            x1="8"
                            x2="16"
                            y1="8"
                            y2="8"
                          />
                           
                        </svg>
                      </div>
                    </div>
                  </div>
                  <div
                    class="sc-bdVaJa iAUazu"
                    data-testid="headline"
                    style="color: black;"
                  >
                    <div
                      class="sc-bwzfXH fANwYr"
                    >
                      <div
                        class="sc-htpNat KtFsv"
                      >
                        <div
                          style="margin-right: 5px;"
                        >
                          <svg
                            height="16px"
                            width="16px"
                          >
                            <circle
                              cx="50%"
                              cy="50%"
                              r="4px"
                            />
                          </svg>
                        </div>
                      </div>
                      <div
                        class="sc-bxivhb eqfgSF"
                      >
                        <div>
                          <span>
                            <span>
                              pacman
                            </span>
                             
                          </span>
                        </div>
                        <div>
                          <div
                            class="sc-EHOje eTPHNx"
                            style="color: rgb(113, 113, 113);"
                          >
                            <span>
                              <span>
                                search pacman
                              </span>
                               
                            </span>
                          </div>
                          <div
                            class="sc-EHOje eTPHNx"
                            style="color: rgb(113, 113, 113);"
                          >
                            <span>
                              <span>
                                - sudo pacman -Ss package_name
                              </span>
                               
                            </span>
                          </div>
                          <div
                            class="sc-EHOje eTPHNx"
                            style="color: rgb(113, 113, 113);"
                          >
                            <span>
                              <span />
                               
                            </span>
                          </div>
                        </div>
                      </div>
                      <div
                        class="sc-ifAKCX hjKOjk"
                      >
                        <svg
                          height="16"
                          title="dash-collapse"
                          width="16"
                        >
                           
                          <line
                            style="stroke: black; stroke-width: 1.5;"
                            x1="8"
                            x2="16"
                            y1="8"
                            y2="8"
                          />
                           
                        </svg>
                      </div>
                    </div>
                  </div>
                  <div
                    class="sc-bdVaJa iAUazu"
                    data-testid="headline"
                    style="color: black;"
                  >
                    <div
                      class="sc-bwzfXH fANwYr"
                    >
                      <div
                        class="sc-htpNat KtFsv"
                      >
                        <div
                          style="margin-right: 5px;"
                        >
                          <svg
                            height="16px"
                            width="16px"
                          >
                            <circle
                              cx="50%"
                              cy="50%"
                              r="4px"
                            />
                          </svg>
                        </div>
                      </div>
                      <div
                        class="sc-bxivhb eqfgSF"
                      >
                        <div>
                          <span>
                            <span>
                              this is an add for test
                            </span>
                             
                          </span>
                        </div>
                        <div>
                          <div
                            class="sc-EHOje eTPHNx"
                            style="color: rgb(113, 113, 113);"
                          >
                            <span>
                              <span>
                                here is some test content for the new note
                              </span>
                               
                            </span>
                          </div>
                        </div>
                      </div>
                      <div
                        class="sc-ifAKCX hjKOjk"
                      >
                        <svg
                          height="16"
                          title="dash-collapse"
                          width="16"
                        >
                           
                          <line
                            style="stroke: black; stroke-width: 1.5;"
                            x1="8"
                            x2="16"
                            y1="8"
                            y2="8"
                          />
                           
                        </svg>
                      </div>
                    </div>
                  </div>
                </div>
              </div>
              <div
                class="sc-ifAKCX hjKOjk"
              >
                <svg
                  height="16"
                  title="dash-collapse"
                  width="16"
                >
                   
                  <line
                    style="stroke: black; stroke-width: 1.5;"
                    x1="8"
                    x2="16"
                    y1="8"
                    y2="8"
                  />
                   
                </svg>
              </div>
            </div>
          </div>
        </div>
        <button
          aria-label="Add"
          class="MuiButtonBase-root MuiFab-root MuiFab-primary"
          style="position: fixed; right: 10px; bottom: 10px;"
          tabindex="0"
          type="button"
        >
          <span
            class="MuiFab-label"
          >
            <svg
              aria-hidden="true"
              class="MuiSvgIcon-root"
              focusable="false"
              role="presentation"
              title="Add"
              viewBox="0 0 24 24"
            >
              <path
                d="M19 13h-6v6h-2v-6H5v-2h6V5h2v6h6v2z"
              />
              <path
                d="M0 0h24v24H0z"
                fill="none"
              />
            </svg>
          </span>
          <span
            class="MuiTouchRipple-root"
          />
        </button>
      </div>
    </div>
  </div>
</div>
`;
